[www.devmedia.com.br/html-basico-codigos-html/16596.html]
[backblue.gif]
[fade.gif]
[index.html]
[arquivo.devmedia.com.br/marketing/img/guia-html-38051.png]
[www.devmedia.com.br/favicon.png]
[www.devmedia.com.br/imagens/2013/Devmedia72x.png]
[www.devmedia.com.br/imagens/2013/Devmedia114x.png]
[www.devmedia.com.br/imagens/2013/Devmedia129x.png]
[www.devmedia.com.br/css/2013/devmedia-header-footer.min1b65.css]
[www.devmedia.com.br/perfil/css/preview7719.css]
[www.devmedia.com.br/css/2013/prism-dark.css]
[cdnjs.cloudflare.com/ajax/libs/prism/1.20.0/plugins/line-numbers/prism-line-numbers.min.css]
[www.devmedia.com.br/view/css/slider6ea6.css]
[www.devmedia.com.br/exemplos/css/jquery.mCustomScrollbar.min.css]
[www.devmedia.com.br/view/css/viewcomp6ea6.css]
[www.devmedia.com.br/js/jquery.min.js]
[www.devmedia.com.br/js/hide-show-menud61c.js]
[www.devmedia.com.br/js/2013/prism.js]
[cdnjs.cloudflare.com/ajax/libs/prism/1.20.0/plugins/autoloader/prism-autoloader.min.js]
[cdnjs.cloudflare.com/ajax/libs/prism/1.20.0/plugins/line-numbers/prism-line-numbers.min.js]
[cdnjs.cloudflare.com/ajax/libs/prism/1.20.0/plugins/normalize-whitespace/prism-normalize-whitespace.min.js]
[www.devmedia.com.br/view/js/devslider6ea6.js]
[www.devmedia.com.br/exemplos/js/jquery.mCustomScrollbar.js]
[www.devmedia.com.br/view/js/utils.1.1.06ea6.js]
[www.devmedia.com.br/view/js/viewcomp6ea6.js]
[www.devmedia.com.br/imagens/2013/buscar_grey.png]
[www.devmedia.com.br/imagens/fotoscolunistas/232232_20161017163010.jpg]
[www.devmedia.com.br/comentarios/img/loading.gif]
[www.devmedia.com.br/perfil/js/preview190a.js]
[www.devmedia.com.br/tecnologia/css/devbotc81e.css]
[www.devmedia.com.br/assistente/js/core.js]
[www.devmedia.com.br/tecnologia/js/devbot8a8b.js]
[www.devmedia.com.br/html-basico-codigos-html/16596.html]
[www.devmedia.com.br/imagens/2013/494949.png]
[www.devmedia.com.br/Imagens/2013/glyphicons-halflings-white.png]
[www.devmedia.com.br/imagens/2013/glyphicons-halflings-white-2.png]
[www.devmedia.com.br/imagens/2013/dash.png]
[www.devmedia.com.br/imagens/2013/tecnologias.png]
[www.devmedia.com.br/imagens/2013/revistas.png]
[www.devmedia.com.br/imagens/2013/cursos.png]
[www.devmedia.com.br/imagens/2013/poketvideos.png]
[www.devmedia.com.br/imagens/2013/devware.png]
[www.devmedia.com.br/imagens/2013/iphone.png]
[www.devmedia.com.br/imagens/2013/forum.png]
[www.devmedia.com.br/imagens/2013/servicos.png]
[www.devmedia.com.br/imagens/2013/publicar.png]
[www.devmedia.com.br/imagens/2013/mvp.png]
[www.devmedia.com.br/imagens/2013/app.png]
[www.devmedia.com.br/imagens/2013/comprar.png]
[www.devmedia.com.br/imagens/2013/logout.png]
[www.devmedia.com.br/imagens/2013/atendimento.png]
[www.devmedia.com.br/imagens/2013/guias.png]
[www.devmedia.com.br/imagens/2013/buscar_white.png]
[www.devmedia.com.br/imagens/2013/alerta-usuario.png]
[www.devmedia.com.br/css/2013/devmedia-header-footer.min1b65.css]
[www.devmedia.com.br/perfil/img/gold-texture-up.png]
[www.devmedia.com.br/perfil/img/gold-texture-line.png]
[www.devmedia.com.br/perfil/css/preview7719.css]
[www.devmedia.com.br/css/2013/prism-dark.css]
[cdnjs.cloudflare.com/ajax/libs/prism/1.20.0/plugins/line-numbers/prism-line-numbers.min.css]
[www.devmedia.com.br/view/css/slider6ea6.css]
[www.devmedia.com.br/exemplos/css/jquery.mCustomScrollbar.min.css]
[www.devmedia.com.br/view/img/grid-lightc81e.png]
[www.devmedia.com.br/view/img/grid.png]
[www.devmedia.com.br/view/img/rock-hand.png]
[www.devmedia.com.br/view/img/rock-hand-2.png]
[www.devmedia.com.br/view/img/bg-devcastc4ca.png]
[www.devmedia.com.br/view/img/list-style-img.png]
[www.devmedia.com.br/view/img/sublist-style-img.png]
[www.devmedia.com.br/view/img/1px_linha-anotacao.png]
[www.devmedia.com.br/view/css/viewcomp6ea6.css]
[www.devmedia.com.br/js/jquery.min.js]
[www.devmedia.com.br/js/hide-show-menud61c.js]
[www.devmedia.com.br/js/2013/prism.js]
[www.devmedia.com.br/view/js/devslider6ea6.js]
[www.devmedia.com.br/html-basico-codigos-html/1659643ec.html]
[www.devmedia.com.br/exemplos/js/jquery.mCustomScrollbar.js]
[www.devmedia.com.br/view/js/utils.1.1.06ea6.js]
[www.devmedia.com.br/view/js/viewcomp6ea6.js]
[www.googletagmanager.com/gtm5445.html]
[www.devmedia.com.br/perfil/css/previewd405.css]
[www.devmedia.com.br/perfil/js/preview190a.js]
[www.devmedia.com.br/tecnologia/css/devbotc81e.css]
[www.devmedia.com.br/assistente/js/core.js]
[www.devmedia.com.br/tecnologia/js/devbot8a8b.js]
[www.devmedia.com.br/exemplos/css/mCSB_buttons.html]
[www.devmedia.com.br/html-basico-codigos-html/2/index.html]
[www.devmedia.com.br/html-basico-codigos-html/1659643ec.html]
[www.devmedia.com.br/html-basico-codigos-html/cdnjs.cloudflare.com/ajax/libs/jquery-mousewheel/3.1.13/jquery.mousewheel.min.html]
[www.devmedia.com.br/perfil/css/previewd405.css]
